a
Aaron
Aarona
Aaronach
Aaronami
Aaronem
Aaronie
Aaronom
Aaronowi
Aaronowie
Aaronów
abace
abadance
abadanek
abadanka
abadankach
abadankami
abadanką
abadankę
abadanki
abadanko
abadankom
abadańscy
abadańska
abadańską
abadański
abadańskich
abadańskie
abadańskiego
abadańskiej
abadańskiemu
abadańskim
abadańskimi
abak
abaka
abakach
abakami
abakance
abakanek
abakanka
abakankach
abakankami
abakanką
abakankę
abakanki
abakanko
abakankom
Abakanowicz
Abakanowicza
Abakanowiczach
Abakanowiczami
Abakanowiczem
Abakanowiczom
Abakanowiczowi
Abakanowiczowie
Abakanowiczów
Abakanowiczu
abakańscy
abakańska
abakańską
abakański
abakańskich
abakańskie
abakańskiego
abakańskiej
abakańskiemu
abakańskim
abakańskimi
abaką
abakę
abaki
abako
abakom
abakus
abakusa
abakusach
abakusami
abakusem
abakusie
abakusom
abakusowi
abakusów
abakusy
abandon
abandonem
abandonie
abandonowi
abandonu
abatys
abatysa
abatysach
abatysami
abatysą
abatysę
abatysie
abatyso
abatysom
abatysy
abazja
abazjach
abazjami
abazją
abazje
abazję
abazji
abazjo
abazjom
abazyj
abażur
abażura
abażurach
abażurami
abażurek
abażurem
abażurka
abażurkach
abażurkami
abażurki
abażurkiem
abażurkom
abażurkowi
abażurków
abażurku
abażurom
abażurowi
abażurów
abażuru
abażury
abażurze
abba
abbach
abbami
abbą
abbę
abbie
abbo
abbom
abbowie
abbów
abbreviatur
abbreviatura
abbreviaturach
abbreviaturami
abbreviaturą
abbreviaturę
abbreviaturo
abbreviaturom
abbreviatury
abbreviaturze
abby
abchascy
abchaska
abchaską
abchaski
abchaskich
abchaskie
abchaskiego
abchaskiej
abchaskiemu
abchaskim
abchaskimi
abcug
abcugach
abcugami
abcugi
abcugiem
abcugom
abcugowi
abcugów
abcugu
abderyccy
abderyci
abderycie
abderycka
abderycką
abderycki
abderyckich
abderyckie
abderyckiego
abderyckiej
abderyckiemu
abderyckim
abderyckimi
abderyta
abderytach
abderytami
abderytą
abderytce
abderytek
abderytę
abderytka
abderytkach
abderytkami
abderytką
abderytkę
abderytki
abderytko
abderytkom
abderyto
abderytom
abderytów
abderyty
abditoria
abditoriach
abditoriami
abditoriom
abditoriów
abditorium
abdominalna
abdominalną
abdominalne
abdominalnego
abdominalnej
abdominalnemu
abdominalni
abdominalny
abdominalnych
abdominalnym
abdominalnymi
abdominoplastyce
abdominoplastyk
abdominoplastyka
abdominoplastykach
abdominoplastykami
abdominoplastyką
abdominoplastykę
abdominoplastyki
abdominoplastyko
abdominoplastykom
Abdon
Abdona
Abdonach
Abdonami
Abdonem
Abdonie
Abdonom
Abdonowi
Abdonowie
Abdonów
abdukcja
abdukcjach
abdukcjami
abdukcją
abdukcje
abdukcję
abdukcji
abdukcjo
abdukcjom
abdukcyj
abdykacja
abdykacjach
abdykacjami
abdykacją
abdykacje
abdykację
abdykacji
abdykacjo
abdykacjom
abdykacyj
abdykacyjna
abdykacyjną
abdykacyjne
abdykacyjnego
abdykacyjnej
abdykacyjnemu
abdykacyjni
abdykacyjny
abdykacyjnych
abdykacyjnym
abdykacyjnymi
abdykować
abdykowali
abdykowaliby
abdykowalibyście
abdykowalibyśmy
abdykowaliście
abdykowaliśmy
abdykował
abdykowała
abdykowałaby
abdykowałabym
abdykowałabyś
abdykowałam
abdykowałaś
abdykowałby
abdykowałbym
abdykowałbyś
abdykowałem
abdykowałeś
abdykowało
abdykowałoby
abdykowały
abdykowałyby
abdykowałybyście
abdykowałybyśmy
abdykowałyście
abdykowałyśmy
abdykowania
abdykowanie
abdykowaniem
abdykowaniu
abdykowano
abdykowawszy
abdykuj
abdykują
abdykując
abdykująca
abdykującą
abdykujące
abdykującego
abdykującej
abdykującemu
abdykujący
abdykujących
abdykującym
abdykującymi
abdykujcie
abdykuje
abdykujecie
abdykujemy
abdykujesz
abdykuję
abdykujmy
abecadeł
abecadle
abecadła
abecadłach
abecadłami
abecadłem
abecadło
abecadłom
abecadłowa
abecadłową
abecadłowe
abecadłowego
abecadłowej
abecadłowemu
abecadłowi
abecadłowy
abecadłowych
abecadłowym
abecadłowymi
abecadłu
Abelard
Abelarda
Abelardach
Abelardami
Abelardem
Abelardom
Abelardowi
Abelardowie
Abelardów
Abelardzie
abelicie
abelit
abelitach
abelitami
abelitem
abelitom
abelitowi
abelitów
abelitu
abelity
aberracja
aberracjach
aberracjami
aberracją
aberracje
aberrację
aberracji
aberracjo
aberracjom
aberracyj
aberracyjna
aberracyjną
aberracyjne
aberracyjnego
aberracyjnej
aberracyjnemu
aberracyjni
aberracyjny
aberracyjnych
aberracyjnym
aberracyjnymi
abewilscy
abewilska
abewilską
abewilski
abewilskich
abewilskie
abewilskiego
abewilskiej
abewilskiemu
abewilskim
abewilskimi
Abgarowicz
Abgarowicza
Abgarowiczach
Abgarowiczami
Abgarowiczem
Abgarowiczom
Abgarowiczowi
Abgarowiczowie
Abgarowiczów
Abgarowiczu
abidżance
abidżanek
abidżanka
abidżankach
abidżankami
abidżanką
abidżankę
abidżanki
abidżanko
abidżankom
abidżańscy
abidżańska
abidżańską
abidżański
abidżańskich
abidżańskie
abidżańskiego
abidżańskiej
abidżańskiemu
abidżańskim
abidżańskimi
abietyna
abietyną
abietynę
abietynie
abietyno
abietynowa
abietynową
abietynowe
abietynowego
abietynowej
abietynowemu
abietynowi
abietynowy
abietynowych
abietynowym
abietynowymi
abietyny
abiogenez
abiogeneza
abiogenezach
abiogenezami
abiogenezą
abiogenezę
abiogenezie
abiogenezo
abiogenezom
abiogenezy
abiogenna
abiogenną
abiogenne
abiogennego
abiogennej
abiogennemu
abiogenni
abiogenny
abiogennych
abiogennym
abiogennymi
abiologia
abiologią
abiologiczna
abiologiczną
abiologiczne
abiologicznego
abiologicznej
abiologicznemu
abiologiczni
abiologiczny
abiologicznych
abiologicznym
abiologicznymi
abiologię
abiologii
abiologio
abiotyczna
abiotyczną
abiotyczne
abiotycznego
abiotycznej
abiotycznemu
abiotyczni
abiotyczny
abiotycznych
abiotycznym
abiotycznymi
abioz
abioza
abiozach
abiozami
abiozą
abiozę
abiozie
abiozo
abiozom
abiozy
abisal
abisalem
abisalna
abisalną
abisalne
abisalnego
abisalnej
abisalnemu
abisalni
abisalny
abisalnych
abisalnym
abisalnymi
abisalowi
abisalu
abisobioncie
abisobiont
abisobionta
abisobiontach
abisobiontami
abisobiontem
abisobiontom
abisobiontowi
abisobiontów
abisobionty
abisofil
abisofila
abisofilach
abisofilami
abisofile
abisofilem
abisofili
abisofilom
abisofilowi
abisofilów
abisofilu
abisynce
abisynek
abisynka
abisynkach
abisynkami
abisynką
abisynkę
abisynki
abisynko
abisynkom
abisyńscy
abisyńska
abisyńską
abisyński
abisyńskich
abisyńskie
abisyńskiego
abisyńskiej
abisyńskiemu
abisyńskim
abisyńskimi
abiturienci
abituriencie
abiturient
abiturienta
abiturientach
abiturientami
abiturientce
abiturientek
abiturientem
abiturientka
abiturientkach
abiturientkami
abiturientką
abiturientkę
abiturientki
abiturientko
abiturientkom
abiturientom
abiturientowi
abiturientów
abituryn
abituryna
abiturynach
abiturynami
abituryną
abiturynę
abiturynie
abituryno
abiturynom
abituryny
abiudykacja
abiudykacjach
abiudykacjami
abiudykacją
abiudykacje
abiudykację
abiudykacji
abiudykacjo
abiudykacjom
abiudykacyj
abiuracja
abiuracjach
abiuracjami
abiuracją
abiuracje
abiurację
abiuracji
abiuracjo
abiuracjom
abiuracyj
ablacja
ablacjach
ablacjami
ablacją
ablacje
ablację
ablacji
ablacjo
ablacjom
ablacyj
ablacyjna
ablacyjną
ablacyjne
ablacyjnego
ablacyjnej
ablacyjnemu
ablacyjni
ablacyjny
ablacyjnych
ablacyjnym
ablacyjnymi
ablaktacja
ablaktacjach
ablaktacjami
ablaktacją
ablaktacje
ablaktację
ablaktacji
ablaktacjo
ablaktacjom
ablaktacyj
ablaktowalna
ablaktowalną
ablaktowalne
ablaktowalnego
ablaktowalnej
ablaktowalnemu
ablaktowalni
ablaktowalny
ablaktowalnych
ablaktowalnym
ablaktowalnymi
ablaktowana
ablaktowaną
ablaktowane
ablaktowanego
ablaktowanej
ablaktowanemu
ablaktowani
ablaktowania
ablaktowanie
ablaktowaniem
ablaktowaniu
ablaktowany
ablaktowanych
ablaktowanym
ablaktowanymi
ablaktując
ablaktująca
ablaktującą
ablaktujące
ablaktującego
ablaktującej
ablaktującemu
ablaktujący
ablaktujących
ablaktującym
ablaktującymi
ablatiwach
ablatiwami
ablatiwem
ablatiwie
ablatiwom
ablatiwowi
ablatiwów
ablatiwu
ablatiwus
ablatiwy
ablatywna
ablatywną
ablatywne
ablatywnego
ablatywnej
ablatywnemu
ablatywni
ablatywny
ablatywnych
ablatywnym
ablatywnymi
ablegier
ablegra
ablegrach
ablegrami
ablegrem
ablegrom
ablegrowana
ablegrowaną
ablegrowane
ablegrowanego
ablegrowanej
ablegrowanemu
ablegrowani
ablegrowany
ablegrowanych
ablegrowanym
ablegrowanymi
ablegrowi
ablegrów
ablegrując
ablegrująca
ablegrującą
ablegrujące
ablegrującego
ablegrującej
ablegrującemu
ablegrujący
ablegrujących
ablegrującym
ablegrującymi
ablegry
ablegrze
ablucja
ablucjach
ablucjami
ablucją
ablucje
ablucję
ablucji
ablucjo
ablucjom
ablucyj
abnegaccy
abnegaci
abnegacie
abnegacja
abnegacją
abnegację
abnegacji
abnegacjo
abnegacka
abnegacką
abnegacki
abnegackich
abnegackie
abnegackiego
abnegackiej
abnegackiemu
abnegackim
abnegackimi
abnegat
abnegata
abnegatach
abnegatami
abnegatce
abnegatek
abnegatem
abnegatka
abnegatkach
abnegatkami
abnegatką
abnegatkę
abnegatki
abnegatko
abnegatkom
abnegatom
abnegatowi
abnegatów
abobr
abobra
abobrach
abobrami
abobrą
abobrę
abobro
abobrom
abobry
abobrze
abolicja
abolicjach
abolicjami
abolicją
abolicje
abolicję
abolicji
abolicjo
abolicjom
abolicjonista
abolicjonistach
abolicjonistami
abolicjonistą
abolicjonistce
abolicjonistek
abolicjonistę
abolicjonistka
abolicjonistkach
abolicjonistkami
abolicjonistką
abolicjonistkę
abolicjonistki
abolicjonistko
abolicjonistkom
abolicjonisto
abolicjonistom
abolicjonistów
abolicjonisty
abolicjonistyczna
abolicjonistyczną
abolicjonistyczne
abolicjonistycznego
abolicjonistycznej
abolicjonistycznemu
abolicjonistyczni
abolicjonistyczny
abolicjonistycznych
abolicjonistycznym
abolicjonistycznymi
abolicjoniści
abolicjoniście
abolicjonizm
abolicjonizmem
abolicjonizmie
abolicjonizmowi
abolicjonizmu
abolicyj
abolicyjna
abolicyjną
abolicyjne
abolicyjnego
abolicyjnej
abolicyjnemu
abolicyjni
abolicyjny
abolicyjnych
abolicyjnym
abolicyjnymi
abominacja
abominacją
abominację
abominacji
abominacjo
abonamencie
abonament
abonamentach
abonamentami
abonamentem
abonamentom
abonamentowa
abonamentową
abonamentowe
abonamentowego
abonamentowej
abonamentowemu
abonamentowi
abonamentowy
abonamentowych
abonamentowym
abonamentowymi
abonamentów
abonamentu
abonamenty
abonenccy
abonenci
abonencie
abonencka
abonencką
abonencki
abonenckich
abonenckie
abonenckiego
abonenckiej
abonenckiemu
abonenckim
abonenckimi
abonent
abonenta
abonentach
abonentami
abonentce
abonentek
abonentem
abonentka
abonentkach
abonentkami
abonentką
abonentkę
abonentki
abonentko
abonentkom
abonentom
abonentowi
abonentów
abonować
abonowali
abonowaliby
abonowalibyście
abonowalibyśmy
abonowaliście
abonowaliśmy
abonował
abonowała
abonowałaby
abonowałabym
abonowałabyś
abonowałam
abonowałaś
abonowałby
abonowałbym
abonowałbyś
abonowałem
abonowałeś
abonowało
abonowałoby
abonowały
abonowałyby
abonowałybyście
abonowałybyśmy
abonowałyście
abonowałyśmy
abonowana
abonowaną
abonowane
abonowanego
abonowanej
abonowanemu
abonowani
abonowania
abonowanie
abonowaniem
abonowaniu
abonowano
abonowany
abonowanych
abonowanym
abonowanymi
abonuj
abonują
abonując
abonująca
abonującą
abonujące
abonującego
abonującej
abonującemu
abonujący
abonujących
abonującym
abonującymi
abonujcie
abonuje
abonujecie
abonujemy
abonujesz
abonuję
abonujmy
aborcie
aborcja
aborcją
aborcję
aborcji
aborcjo
aborcjonista
aborcjonistach
aborcjonistami
aborcjonistą
aborcjonistce
aborcjonistek
aborcjonistę
aborcjonistka
aborcjonistkach
aborcjonistkami
aborcjonistką
aborcjonistkę
aborcjonistki
aborcjonistko
aborcjonistkom
aborcjonisto
aborcjonistom
aborcjonistów
aborcjonisty
aborcjoniści
aborcjoniście
aborcyjna
aborcyjną
aborcyjne
aborcyjnego
aborcyjnej
aborcyjnemu
aborcyjni
aborcyjny
aborcyjnych
aborcyjnym
aborcyjnymi
abordaż
abordażach
abordażami
abordaże
abordażem
abordażom
abordażowa
abordażową
abordażowe
abordażowego
abordażowej
abordażowemu
abordażowi
abordażowy
abordażowych
abordażowym
abordażowymi
abordażów
abordażu
abort
abortach
abortami
abortem
abortom
abortowi
abortów
abortu
aborty
aborygen
aborygena
aborygenach
aborygenami
aborygence
aborygenek
aborygenem
aborygeni
aborygenie
aborygenka
aborygenkach
aborygenkami
aborygenką
aborygenkę
aborygenki
aborygenko
aborygenkom
aborygenom
aborygenowi
aborygenów
aborygeńscy
aborygeńska
aborygeńską
aborygeński
aborygeńskich
aborygeńskie
aborygeńskiego
aborygeńskiej
aborygeńskiemu
aborygeńskim
aborygeńskimi
abp
abpa
abpach
abpami
abpem
abpi
abpie
abpom
abpowi
abpów
abpstw
abpstwa
abpstwach
abpstwami
abpstwem
abpstwie
abpstwo
abpstwom
abpstwu
abradowana
abradowaną
abradowane
abradowanego
abradowanej
abradowanemu
abradowani
abradowany
abradowanych
abradowanym
abradowanymi
abradując
abradująca
abradującą
abradujące
abradującego
abradującej
abradującemu
abradujący
abradujących
abradującym
abradującymi
Abraham
Abrahama
Abrahamach
Abrahamami
Abrahamem
Abrahamie
Abrahamom
Abrahamowi
Abrahamowicz
Abrahamowicza
Abrahamowiczach
Abrahamowiczami
Abrahamowiczem
Abrahamowiczom
Abrahamowiczowi
Abrahamowiczowie
Abrahamowiczów
Abrahamowiczu
Abrahamowie
Abrahamów
abrakadabr
abrakadabra
abrakadabrach
abrakadabrami
abrakadabrą
abrakadabrę
abrakadabro
abrakadabrom
abrakadabry
abrakadabrze
Abramczuk
Abramczuka
Abramczukach
Abramczukami
Abramczukiem
Abramczukom
Abramczukowi
Abramczukowie
Abramczuków
Abramczuku
Abramczyk
Abramczyka
Abramczykach
Abramczykami
Abramczykiem
Abramczykom
Abramczykowi
Abramczykowie
Abramczyków
Abramczyku
Abramek
Abramka
Abramkach
Abramkami
Abramkiem
Abramkom
Abramkowi
Abramkowie
Abramków
Abramku
Abramowa
Abramowem
Abramowicz
Abramowicza
Abramowiczach
Abramowiczami
Abramowiczem
Abramowiczom
Abramowiczowi
Abramowiczowie
Abramowiczów
Abramowiczu
Abramowie
Abramowowi
abramowscy
Abramowscy
abramowska
Abramowska
abramowską
Abramowską
abramowski
Abramowski
abramowskich
Abramowskich
abramowskie
Abramowskie
abramowskiego
Abramowskiego
abramowskiej
Abramowskiej
abramowskiemu
Abramowskiemu
abramowskim
Abramowskim
abramowskimi
Abramowskimi
Abramów
Abramscy
Abramska
Abramską
Abramski
Abramskich
Abramskie
Abramskiego
Abramskiej
Abramskiemu
Abramskim
Abramskimi
abrazja
abrazją
abrazję
abrazji
abrazjo
abrazyjna
abrazyjną
abrazyjne
abrazyjnego
abrazyjnej
abrazyjnemu
abrazyjni
abrazyjny
abrazyjnych
abrazyjnym
abrazyjnymi
abrewiacja
abrewiacjach
abrewiacjami
abrewiacją
abrewiacje
abrewiację
abrewiacji
abrewiacjo
abrewiacjom
abrewiacyj
abrewiacyjna
abrewiacyjną
abrewiacyjne
abrewiacyjnego
abrewiacyjnej
abrewiacyjnemu
abrewiacyjni
abrewiacyjny
abrewiacyjnych
abrewiacyjnym
abrewiacyjnymi
abrewiatur
abrewiatura
abrewiaturach
abrewiaturalna
abrewiaturalną
abrewiaturalne
abrewiaturalnego
abrewiaturalnej
abrewiaturalnemu
abrewiaturalni
abrewiaturalny
abrewiaturalnych
abrewiaturalnym
abrewiaturalnymi
abrewiaturami
abrewiaturą
abrewiaturę
abrewiaturo
abrewiaturom
abrewiatury
abrewiaturze
abrogacja
abrogacjach
abrogacjami
abrogacją
abrogacje
abrogację
abrogacji
abrogacjo
abrogacjom
abrogacyj
abrogowana
abrogowaną
abrogowane
abrogowanego
abrogowanej
abrogowanemu
abrogowani
abrogowania
abrogowanie
abrogowaniem
abrogowaniu
abrogowany
abrogowanych
abrogowanym
abrogowanymi
abrogowawszy
abrogując
abrogująca
abrogującą
abrogujące
abrogującego
abrogującej
abrogującemu
abrogujący
abrogujących
abrogującym
abrogującymi
abrupcja
abrupcjach
abrupcjami
abrupcją
abrupcje
abrupcję
abrupcji
abrupcjo
abrupcjom
abrupcyj
abruzyjscy
abruzyjska
abruzyjską
abruzyjski
abruzyjskich
abruzyjskie
abruzyjskiego
abruzyjskiej
abruzyjskiemu
abruzyjskim
abruzyjskimi
abrys
abrysach
abrysami
abrysem
abrysie
abrysom
abrysowi
abrysów
abrysu
abrysy
absces
abscesach
abscesami
abscesem
abscesie
abscesom
abscesowi
abscesów
abscesu
abscesy
abscysyn
abscysyna
abscysynach
abscysynami
abscysyną
abscysynę
abscysynie
abscysyno
abscysynom
abscysynowa
abscysynową
abscysynowe
abscysynowego
abscysynowej
abscysynowemu
abscysynowi
abscysynowy
abscysynowych
abscysynowym
abscysynowymi
abscysyny
absencja
absencjach
absencjami
absencją
absencje
absencję
absencji
absencjo
absencjom
absencyj
absencyjna
absencyjną
absencyjne
absencyjnego
absencyjnej
absencyjnemu
absencyjni
absencyjny
absencyjnych
absencyjnym
absencyjnymi
absenteista
absenteistach
absenteistami
absenteistą
absenteistce
absenteistek
absenteistę
absenteistka
absenteistkach
absenteistkami
absenteistką
absenteistkę
absenteistki
absenteistko
absenteistkom
absenteisto
absenteistom
absenteistów
absenteisty
absenteiści
absenteiście
absentować
absentowali
absentowaliby
absentowalibyście
absentowalibyśmy
absentowaliście
absentowaliśmy
absentował
absentowała
absentowałaby
absentowałabym
absentowałabyś
absentowałam
absentowałaś
absentowałby
absentowałbym
absentowałbyś
absentowałem
absentowałeś
absentowało
absentowałoby
absentowały
absentowałyby
absentowałybyście
absentowałybyśmy
absentowałyście
absentowałyśmy
absentowania
absentowanie
absentowaniem
absentowaniu
absentowano
absentuj
absentują
absentując
absentująca
absentującą
absentujące
absentującego
absentującej
absentującemu
absentujący
absentujących
absentującym
absentują