a
Aaron
Aarona
Aaronach
Aaronami
Aaronem
Aaronie
Aaronom
Aaronowi
Aaronowie
Aaronów
abace
abadance
abadanek
abadanka
abadankach
abadankami
abadank±
abadankê
abadanki
abadanko
abadankom
abadañscy
abadañska
abadañsk±
abadañski
abadañskich
abadañskie
abadañskiego
abadañskiej
abadañskiemu
abadañskim
abadañskimi
abak
abaka
abakach
abakami
abakance
abakanek
abakanka
abakankach
abakankami
abakank±
abakankê
abakanki
abakanko
abakankom
Abakanowicz
Abakanowicza
Abakanowiczach
Abakanowiczami
Abakanowiczem
Abakanowiczom
Abakanowiczowi
Abakanowiczowie
Abakanowiczów
Abakanowiczu
abakañscy
abakañska
abakañsk±
abakañski
abakañskich
abakañskie
abakañskiego
abakañskiej
abakañskiemu
abakañskim
abakañskimi
abak±
abakê
abaki
abako
abakom
abakus
abakusa
abakusach
abakusami
abakusem
abakusie
abakusom
abakusowi
abakusów
abakusy
abandon
abandonem
abandonie
abandonowi
abandonu
abatys
abatysa
abatysach
abatysami
abatys±
abatysê
abatysie
abatyso
abatysom
abatysy
abazja
abazjach
abazjami
abazj±
abazje
abazjê
abazji
abazjo
abazjom
abazyj
aba¿ur
aba¿ura
aba¿urach
aba¿urami
aba¿urek
aba¿urem
aba¿urka
aba¿urkach
aba¿urkami
aba¿urki
aba¿urkiem
aba¿urkom
aba¿urkowi
aba¿urków
aba¿urku
aba¿urom
aba¿urowi
aba¿urów
aba¿uru
aba¿ury
aba¿urze
abba
abbach
abbami
abb±
abbê
abbie
abbo
abbom
abbowie
abbów
abbreviatur
abbreviatura
abbreviaturach
abbreviaturami
abbreviatur±
abbreviaturê
abbreviaturo
abbreviaturom
abbreviatury
abbreviaturze
abby
abchascy
abchaska
abchask±
abchaski
abchaskich
abchaskie
abchaskiego
abchaskiej
abchaskiemu
abchaskim
abchaskimi
abcug
abcugach
abcugami
abcugi
abcugiem
abcugom
abcugowi
abcugów
abcugu
abderyccy
abderyci
abderycie
abderycka
abderyck±
abderycki
abderyckich
abderyckie
abderyckiego
abderyckiej
abderyckiemu
abderyckim
abderyckimi
abderyta
abderytach
abderytami
abderyt±
abderytce
abderytek
abderytê
abderytka
abderytkach
abderytkami
abderytk±
abderytkê
abderytki
abderytko
abderytkom
abderyto
abderytom
abderytów
abderyty
abditoria
abditoriach
abditoriami
abditoriom
abditoriów
abditorium
abdominalna
abdominaln±
abdominalne
abdominalnego
abdominalnej
abdominalnemu
abdominalni
abdominalny
abdominalnych
abdominalnym
abdominalnymi
abdominoplastyce
abdominoplastyk
abdominoplastyka
abdominoplastykach
abdominoplastykami
abdominoplastyk±
abdominoplastykê
abdominoplastyki
abdominoplastyko
abdominoplastykom
Abdon
Abdona
Abdonach
Abdonami
Abdonem
Abdonie
Abdonom
Abdonowi
Abdonowie
Abdonów
abdukcja
abdukcjach
abdukcjami
abdukcj±
abdukcje
abdukcjê
abdukcji
abdukcjo
abdukcjom
abdukcyj
abdykacja
abdykacjach
abdykacjami
abdykacj±
abdykacje
abdykacjê
abdykacji
abdykacjo
abdykacjom
abdykacyj
abdykacyjna
abdykacyjn±
abdykacyjne
abdykacyjnego
abdykacyjnej
abdykacyjnemu
abdykacyjni
abdykacyjny
abdykacyjnych
abdykacyjnym
abdykacyjnymi
abdykowaæ
abdykowali
abdykowaliby
abdykowaliby¶cie
abdykowaliby¶my
abdykowali¶cie
abdykowali¶my
abdykowa³
abdykowa³a
abdykowa³aby
abdykowa³abym
abdykowa³aby¶
abdykowa³am
abdykowa³a¶
abdykowa³by
abdykowa³bym
abdykowa³by¶
abdykowa³em
abdykowa³e¶
abdykowa³o
abdykowa³oby
abdykowa³y
abdykowa³yby
abdykowa³yby¶cie
abdykowa³yby¶my
abdykowa³y¶cie
abdykowa³y¶my
abdykowania
abdykowanie
abdykowaniem
abdykowaniu
abdykowano
abdykowawszy
abdykuj
abdykuj±
abdykuj±c
abdykuj±ca
abdykuj±c±
abdykuj±ce
abdykuj±cego
abdykuj±cej
abdykuj±cemu
abdykuj±cy
abdykuj±cych
abdykuj±cym
abdykuj±cymi
abdykujcie
abdykuje
abdykujecie
abdykujemy
abdykujesz
abdykujê
abdykujmy
abecade³
abecadle
abecad³a
abecad³ach
abecad³ami
abecad³em
abecad³o
abecad³om
abecad³owa
abecad³ow±
abecad³owe
abecad³owego
abecad³owej
abecad³owemu
abecad³owi
abecad³owy
abecad³owych
abecad³owym
abecad³owymi
abecad³u
Abelard
Abelarda
Abelardach
Abelardami
Abelardem
Abelardom
Abelardowi
Abelardowie
Abelardów
Abelardzie
abelicie
abelit
abelitach
abelitami
abelitem
abelitom
abelitowi
abelitów
abelitu
abelity
aberracja
aberracjach
aberracjami
aberracj±
aberracje
aberracjê
aberracji
aberracjo
aberracjom
aberracyj
aberracyjna
aberracyjn±
aberracyjne
aberracyjnego
aberracyjnej
aberracyjnemu
aberracyjni
aberracyjny
aberracyjnych
aberracyjnym
aberracyjnymi
abewilscy
abewilska
abewilsk±
abewilski
abewilskich
abewilskie
abewilskiego
abewilskiej
abewilskiemu
abewilskim
abewilskimi
Abgarowicz
Abgarowicza
Abgarowiczach
Abgarowiczami
Abgarowiczem
Abgarowiczom
Abgarowiczowi
Abgarowiczowie
Abgarowiczów
Abgarowiczu
abid¿ance
abid¿anek
abid¿anka
abid¿ankach
abid¿ankami
abid¿ank±
abid¿ankê
abid¿anki
abid¿anko
abid¿ankom
abid¿añscy
abid¿añska
abid¿añsk±
abid¿añski
abid¿añskich
abid¿añskie
abid¿añskiego
abid¿añskiej
abid¿añskiemu
abid¿añskim
abid¿añskimi
abietyna
abietyn±
abietynê
abietynie
abietyno
abietynowa
abietynow±
abietynowe
abietynowego
abietynowej
abietynowemu
abietynowi
abietynowy
abietynowych
abietynowym
abietynowymi
abietyny
abiogenez
abiogeneza
abiogenezach
abiogenezami
abiogenez±
abiogenezê
abiogenezie
abiogenezo
abiogenezom
abiogenezy
abiogenna
abiogenn±
abiogenne
abiogennego
abiogennej
abiogennemu
abiogenni
abiogenny
abiogennych
abiogennym
abiogennymi
abiologia
abiologi±
abiologiczna
abiologiczn±
abiologiczne
abiologicznego
abiologicznej
abiologicznemu
abiologiczni
abiologiczny
abiologicznych
abiologicznym
abiologicznymi
abiologiê
abiologii
abiologio
abiotyczna
abiotyczn±
abiotyczne
abiotycznego
abiotycznej
abiotycznemu
abiotyczni
abiotyczny
abiotycznych
abiotycznym
abiotycznymi
abioz
abioza
abiozach
abiozami
abioz±
abiozê
abiozie
abiozo
abiozom
abiozy
abisal
abisalem
abisalna
abisaln±
abisalne
abisalnego
abisalnej
abisalnemu
abisalni
abisalny
abisalnych
abisalnym
abisalnymi
abisalowi
abisalu
abisobioncie
abisobiont
abisobionta
abisobiontach
abisobiontami
abisobiontem
abisobiontom
abisobiontowi
abisobiontów
abisobionty
abisofil
abisofila
abisofilach
abisofilami
abisofile
abisofilem
abisofili
abisofilom
abisofilowi
abisofilów
abisofilu
abisynce
abisynek
abisynka
abisynkach
abisynkami
abisynk±
abisynkê
abisynki
abisynko
abisynkom
abisyñscy
abisyñska
abisyñsk±
abisyñski
abisyñskich
abisyñskie
abisyñskiego
abisyñskiej
abisyñskiemu
abisyñskim
abisyñskimi
abiturienci
abituriencie
abiturient
abiturienta
abiturientach
abiturientami
abiturientce
abiturientek
abiturientem
abiturientka
abiturientkach
abiturientkami
abiturientk±
abiturientkê
abiturientki
abiturientko
abiturientkom
abiturientom
abiturientowi
abiturientów
abituryn
abituryna
abiturynach
abiturynami
abituryn±
abiturynê
abiturynie
abituryno
abiturynom
abituryny
abiudykacja
abiudykacjach
abiudykacjami
abiudykacj±
abiudykacje
abiudykacjê
abiudykacji
abiudykacjo
abiudykacjom
abiudykacyj
abiuracja
abiuracjach
abiuracjami
abiuracj±
abiuracje
abiuracjê
abiuracji
abiuracjo
abiuracjom
abiuracyj
ablacja
ablacjach
ablacjami
ablacj±
ablacje
ablacjê
ablacji
ablacjo
ablacjom
ablacyj
ablacyjna
ablacyjn±
ablacyjne
ablacyjnego
ablacyjnej
ablacyjnemu
ablacyjni
ablacyjny
ablacyjnych
ablacyjnym
ablacyjnymi
ablaktacja
ablaktacjach
ablaktacjami
ablaktacj±
ablaktacje
ablaktacjê
ablaktacji
ablaktacjo
ablaktacjom
ablaktacyj
ablaktowalna
ablaktowaln±
ablaktowalne
ablaktowalnego
ablaktowalnej
ablaktowalnemu
ablaktowalni
ablaktowalny
ablaktowalnych
ablaktowalnym
ablaktowalnymi
ablaktowana
ablaktowan±
ablaktowane
ablaktowanego
ablaktowanej
ablaktowanemu
ablaktowani
ablaktowania
ablaktowanie
ablaktowaniem
ablaktowaniu
ablaktowany
ablaktowanych
ablaktowanym
ablaktowanymi
ablaktuj±c
ablaktuj±ca
ablaktuj±c±
ablaktuj±ce
ablaktuj±cego
ablaktuj±cej
ablaktuj±cemu
ablaktuj±cy
ablaktuj±cych
ablaktuj±cym
ablaktuj±cymi
ablatiwach
ablatiwami
ablatiwem
ablatiwie
ablatiwom
ablatiwowi
ablatiwów
ablatiwu
ablatiwus
ablatiwy
ablatywna
ablatywn±
ablatywne
ablatywnego
ablatywnej
ablatywnemu
ablatywni
ablatywny
ablatywnych
ablatywnym
ablatywnymi
ablegier
ablegra
ablegrach
ablegrami
ablegrem
ablegrom
ablegrowana
ablegrowan±
ablegrowane
ablegrowanego
ablegrowanej
ablegrowanemu
ablegrowani
ablegrowany
ablegrowanych
ablegrowanym
ablegrowanymi
ablegrowi
ablegrów
ablegruj±c
ablegruj±ca
ablegruj±c±
ablegruj±ce
ablegruj±cego
ablegruj±cej
ablegruj±cemu
ablegruj±cy
ablegruj±cych
ablegruj±cym
ablegruj±cymi
ablegry
ablegrze
ablucja
ablucjach
ablucjami
ablucj±
ablucje
ablucjê
ablucji
ablucjo
ablucjom
ablucyj
abnegaccy
abnegaci
abnegacie
abnegacja
abnegacj±
abnegacjê
abnegacji
abnegacjo
abnegacka
abnegack±
abnegacki
abnegackich
abnegackie
abnegackiego
abnegackiej
abnegackiemu
abnegackim
abnegackimi
abnegat
abnegata
abnegatach
abnegatami
abnegatce
abnegatek
abnegatem
abnegatka
abnegatkach
abnegatkami
abnegatk±
abnegatkê
abnegatki
abnegatko
abnegatkom
abnegatom
abnegatowi
abnegatów
abobr
abobra
abobrach
abobrami
abobr±
abobrê
abobro
abobrom
abobry
abobrze
abolicja
abolicjach
abolicjami
abolicj±
abolicje
abolicjê
abolicji
abolicjo
abolicjom
abolicjonista
abolicjonistach
abolicjonistami
abolicjonist±
abolicjonistce
abolicjonistek
abolicjonistê
abolicjonistka
abolicjonistkach
abolicjonistkami
abolicjonistk±
abolicjonistkê
abolicjonistki
abolicjonistko
abolicjonistkom
abolicjonisto
abolicjonistom
abolicjonistów
abolicjonisty
abolicjonistyczna
abolicjonistyczn±
abolicjonistyczne
abolicjonistycznego
abolicjonistycznej
abolicjonistycznemu
abolicjonistyczni
abolicjonistyczny
abolicjonistycznych
abolicjonistycznym
abolicjonistycznymi
abolicjoni¶ci
abolicjoni¶cie
abolicjonizm
abolicjonizmem
abolicjonizmie
abolicjonizmowi
abolicjonizmu
abolicyj
abolicyjna
abolicyjn±
abolicyjne
abolicyjnego
abolicyjnej
abolicyjnemu
abolicyjni
abolicyjny
abolicyjnych
abolicyjnym
abolicyjnymi
abominacja
abominacj±
abominacjê
abominacji
abominacjo
abonamencie
abonament
abonamentach
abonamentami
abonamentem
abonamentom
abonamentowa
abonamentow±
abonamentowe
abonamentowego
abonamentowej
abonamentowemu
abonamentowi
abonamentowy
abonamentowych
abonamentowym
abonamentowymi
abonamentów
abonamentu
abonamenty
abonenccy
abonenci
abonencie
abonencka
abonenck±
abonencki
abonenckich
abonenckie
abonenckiego
abonenckiej
abonenckiemu
abonenckim
abonenckimi
abonent
abonenta
abonentach
abonentami
abonentce
abonentek
abonentem
abonentka
abonentkach
abonentkami
abonentk±
abonentkê
abonentki
abonentko
abonentkom
abonentom
abonentowi
abonentów
abonowaæ
abonowali
abonowaliby
abonowaliby¶cie
abonowaliby¶my
abonowali¶cie
abonowali¶my
abonowa³
abonowa³a
abonowa³aby
abonowa³abym
abonowa³aby¶
abonowa³am
abonowa³a¶
abonowa³by
abonowa³bym
abonowa³by¶
abonowa³em
abonowa³e¶
abonowa³o
abonowa³oby
abonowa³y
abonowa³yby
abonowa³yby¶cie
abonowa³yby¶my
abonowa³y¶cie
abonowa³y¶my
abonowana
abonowan±
abonowane
abonowanego
abonowanej
abonowanemu
abonowani
abonowania
abonowanie
abonowaniem
abonowaniu
abonowano
abonowany
abonowanych
abonowanym
abonowanymi
abonuj
abonuj±
abonuj±c
abonuj±ca
abonuj±c±
abonuj±ce
abonuj±cego
abonuj±cej
abonuj±cemu
abonuj±cy
abonuj±cych
abonuj±cym
abonuj±cymi
abonujcie
abonuje
abonujecie
abonujemy
abonujesz
abonujê
abonujmy
aborcie
aborcja
aborcj±
aborcjê
aborcji
aborcjo
aborcjonista
aborcjonistach
aborcjonistami
aborcjonist±
aborcjonistce
aborcjonistek
aborcjonistê
aborcjonistka
aborcjonistkach
aborcjonistkami
aborcjonistk±
aborcjonistkê
aborcjonistki
aborcjonistko
aborcjonistkom
aborcjonisto
aborcjonistom
aborcjonistów
aborcjonisty
aborcjoni¶ci
aborcjoni¶cie
aborcyjna
aborcyjn±
aborcyjne
aborcyjnego
aborcyjnej
aborcyjnemu
aborcyjni
aborcyjny
aborcyjnych
aborcyjnym
aborcyjnymi
aborda¿
aborda¿ach
aborda¿ami
aborda¿e
aborda¿em
aborda¿om
aborda¿owa
aborda¿ow±
aborda¿owe
aborda¿owego
aborda¿owej
aborda¿owemu
aborda¿owi
aborda¿owy
aborda¿owych
aborda¿owym
aborda¿owymi
aborda¿ów
aborda¿u
abort
abortach
abortami
abortem
abortom
abortowi
abortów
abortu
aborty
aborygen
aborygena
aborygenach
aborygenami
aborygence
aborygenek
aborygenem
aborygeni
aborygenie
aborygenka
aborygenkach
aborygenkami
aborygenk±
aborygenkê
aborygenki
aborygenko
aborygenkom
aborygenom
aborygenowi
aborygenów
aborygeñscy
aborygeñska
aborygeñsk±
aborygeñski
aborygeñskich
aborygeñskie
aborygeñskiego
aborygeñskiej
aborygeñskiemu
aborygeñskim
aborygeñskimi
abp
abpa
abpach
abpami
abpem
abpi
abpie
abpom
abpowi
abpów
abpstw
abpstwa
abpstwach
abpstwami
abpstwem
abpstwie
abpstwo
abpstwom
abpstwu
abradowana
abradowan±
abradowane
abradowanego
abradowanej
abradowanemu
abradowani
abradowany
abradowanych
abradowanym
abradowanymi
abraduj±c
abraduj±ca
abraduj±c±
abraduj±ce
abraduj±cego
abraduj±cej
abraduj±cemu
abraduj±cy
abraduj±cych
abraduj±cym
abraduj±cymi
Abraham
Abrahama
Abrahamach
Abrahamami
Abrahamem
Abrahamie
Abrahamom
Abrahamowi
Abrahamowicz
Abrahamowicza
Abrahamowiczach
Abrahamowiczami
Abrahamowiczem
Abrahamowiczom
Abrahamowiczowi
Abrahamowiczowie
Abrahamowiczów
Abrahamowiczu
Abrahamowie
Abrahamów
abrakadabr
abrakadabra
abrakadabrach
abrakadabrami
abrakadabr±
abrakadabrê
abrakadabro
abrakadabrom
abrakadabry
abrakadabrze
Abramczuk
Abramczuka
Abramczukach
Abramczukami
Abramczukiem
Abramczukom
Abramczukowi
Abramczukowie
Abramczuków
Abramczuku
Abramczyk
Abramczyka
Abramczykach
Abramczykami
Abramczykiem
Abramczykom
Abramczykowi
Abramczykowie
Abramczyków
Abramczyku
Abramek
Abramka
Abramkach
Abramkami
Abramkiem
Abramkom
Abramkowi
Abramkowie
Abramków
Abramku
Abramowa
Abramowem
Abramowicz
Abramowicza
Abramowiczach
Abramowiczami
Abramowiczem
Abramowiczom
Abramowiczowi
Abramowiczowie
Abramowiczów
Abramowiczu
Abramowie
Abramowowi
abramowscy
Abramowscy
abramowska
Abramowska
abramowsk±
Abramowsk±
abramowski
Abramowski
abramowskich
Abramowskich
abramowskie
Abramowskie
abramowskiego
Abramowskiego
abramowskiej
Abramowskiej
abramowskiemu
Abramowskiemu
abramowskim
Abramowskim
abramowskimi
Abramowskimi
Abramów
Abramscy
Abramska
Abramsk±
Abramski
Abramskich
Abramskie
Abramskiego
Abramskiej
Abramskiemu
Abramskim
Abramskimi
abrazja
abrazj±
abrazjê
abrazji
abrazjo
abrazyjna
abrazyjn±
abrazyjne
abrazyjnego
abrazyjnej
abrazyjnemu
abrazyjni
abrazyjny
abrazyjnych
abrazyjnym
abrazyjnymi
abrewiacja
abrewiacjach
abrewiacjami
abrewiacj±
abrewiacje
abrewiacjê
abrewiacji
abrewiacjo
abrewiacjom
abrewiacyj
abrewiacyjna
abrewiacyjn±
abrewiacyjne
abrewiacyjnego
abrewiacyjnej
abrewiacyjnemu
abrewiacyjni
abrewiacyjny
abrewiacyjnych
abrewiacyjnym
abrewiacyjnymi
abrewiatur
abrewiatura
abrewiaturach
abrewiaturalna
abrewiaturaln±
abrewiaturalne
abrewiaturalnego
abrewiaturalnej
abrewiaturalnemu
abrewiaturalni
abrewiaturalny
abrewiaturalnych
abrewiaturalnym
abrewiaturalnymi
abrewiaturami
abrewiatur±
abrewiaturê
abrewiaturo
abrewiaturom
abrewiatury
abrewiaturze
abrogacja
abrogacjach
abrogacjami
abrogacj±
abrogacje
abrogacjê
abrogacji
abrogacjo
abrogacjom
abrogacyj
abrogowana
abrogowan±
abrogowane
abrogowanego
abrogowanej
abrogowanemu
abrogowani
abrogowania
abrogowanie
abrogowaniem
abrogowaniu
abrogowany
abrogowanych
abrogowanym
abrogowanymi
abrogowawszy
abroguj±c
abroguj±ca
abroguj±c±
abroguj±ce
abroguj±cego
abroguj±cej
abroguj±cemu
abroguj±cy
abroguj±cych
abroguj±cym
abroguj±cymi
abrupcja
abrupcjach
abrupcjami
abrupcj±
abrupcje
abrupcjê
abrupcji
abrupcjo
abrupcjom
abrupcyj
abruzyjscy
abruzyjska
abruzyjsk±
abruzyjski
abruzyjskich
abruzyjskie
abruzyjskiego
abruzyjskiej
abruzyjskiemu
abruzyjskim
abruzyjskimi
abrys
abrysach
abrysami
abrysem
abrysie
abrysom
abrysowi
abrysów
abrysu
abrysy
absces
abscesach
abscesami
abscesem
abscesie
abscesom
abscesowi
abscesów
abscesu
abscesy
abscysyn
abscysyna
abscysynach
abscysynami
abscysyn±
abscysynê
abscysynie
abscysyno
abscysynom
abscysynowa
abscysynow±
abscysynowe
abscysynowego
abscysynowej
abscysynowemu
abscysynowi
abscysynowy
abscysynowych
abscysynowym
abscysynowymi
abscysyny
absencja
absencjach
absencjami
absencj±
absencje
absencjê
absencji
absencjo
absencjom
absencyj
absencyjna
absencyjn±
absencyjne
absencyjnego
absencyjnej
absencyjnemu
absencyjni
absencyjny
absencyjnych
absencyjnym
absencyjnymi
absenteista
absenteistach
absenteistami
absenteist±
absenteistce
absenteistek
absenteistê
absenteistka
absenteistkach
absenteistkami
absenteistk±
absenteistkê
absenteistki
absenteistko
absenteistkom
absenteisto
absenteistom
absenteistów
absenteisty
absentei¶ci
absentei¶cie
absentowaæ
absentowali
absentowaliby
absentowaliby¶cie
absentowaliby¶my
absentowali¶cie
absentowali¶my
absentowa³
absentowa³a
absentowa³aby
absentowa³abym
absentowa³aby¶
absentowa³am
absentowa³a¶
absentowa³by
absentowa³bym
absentowa³by¶
absentowa³em
absentowa³e¶
absentowa³o
absentowa³oby
absentowa³y
absentowa³yby
absentowa³yby¶cie
absentowa³yby¶my
absentowa³y¶cie
absentowa³y¶my
absentowania
absentowanie
absentowaniem
absentowaniu
absentowano
absentuj
absentuj±
absentuj±c
absentuj±ca
absentuj±c±
absentuj±ce
absentuj±cego
absentuj±cej
absentuj±cemu
absentuj±cy
absentuj±cych
absentuj±cym
absentuj±